// Jest Snapshot v1, https://goo.gl/fbAQLP

exports[`#createRoleEntity should convert to entity 1`] = `
Object {
  "_class": Array [
    "AccessRole",
  ],
  "_key": "hubspot_role:95124 ",
  "_rawData": Array [
    Object {
      "name": "default",
      "rawData": Object {
        "id": "95124",
        "name": "TestRole",
        "requiresBillingWrite": false,
      },
    },
  ],
  "_type": "hubspot_role",
  "createdOn": undefined,
  "displayName": "TestRole",
  "id": "95124",
  "name": "TestRole",
  "requiresBillingWrite": false,
}
`;
