// Jest Snapshot v1, https://goo.gl/fbAQLP

exports[`#createContactEntity should convert to entity 1`] = `
Object {
  "_class": Array [
    "User",
  ],
  "_key": "hubspot_contact:84106262 ",
  "_rawData": Array [
    Object {
      "name": "default",
      "rawData": Object {
        "archived": false,
        "archivedAt": "2021-06-14T19:38:46.907Z",
        "createdAt": "2021-06-14T19:38:46.907Z",
        "id": "84106262",
        "properties": Object {
          "email": "user@example.com",
          "firstname": "John",
          "lastname": "Doe",
        },
        "updatedAt": "2021-06-14T19:38:46.907Z",
      },
    },
  ],
  "_type": "hubspot_contact",
  "archived": false,
  "createdOn": 1623699526907,
  "displayName": "John Doe",
  "email": "user@example.com",
  "id": "84106262",
  "name": "John Doe",
  "updatedOn": 1623699526907,
  "username": "user@example.com",
}
`;
